// Vitest Snapshot v1, https://vitest.dev/guide/snapshot.html

exports[`DomRenderer > renders a div with a child 1`] = `"<div><span>Hello</span></div>"`;

exports[`DomRenderer > renders a div with a child and a class 1`] = `"<div class="foo"><span>Hello</span></div>"`;

exports[`DomRenderer > renders a div with text 1`] = `"<div>Hello</div>"`;

exports[`DomRenderer > renders a nested structure with attributes 1`] = `
<body
  class="foo"
  draggable="draggable"
  id="root"
>
  <head>
    <nav>
      <ul>
        <li>
          <a
            href="/"
          >
            Home
          </a>
        </li>
        <li>
          <a
            href="/about"
          >
            About
          </a>
        </li>
      </ul>
    </nav>
  </head>
  <main
    class="main-contents"
    style="padding: 1rem; margin: 1rem;"
  >
    <div>
      <h1>
        Todo's:
      </h1>
      - Write some code
      <br />
      - Write some tests
      <br />
      - Profit
    </div>
    <div
      class="interpolated-str"
    >
      This 
      is
       a 
      string
       with 
      interpolated
       values
    </div>
  </main>
</body>
`;

exports[`DomRenderer > renders an empty div 1`] = `"<div></div>"`;
